src/components/sidebar/configs/deliveryConfig.ts(15,5): error TS6133: 'PackageCheck' is declared but its value is never read.
src/components/sidebar/configs/deliveryConfig.ts(16,5): error TS6133: 'BarChart3' is declared but its value is never read.
src/components/sidebar/configs/deliveryConfig.ts(17,5): error TS6133: 'AlertTriangle' is declared but its value is never read.
src/components/sidebar/configs/deliveryConfig.ts(18,5): error TS6133: 'Settings' is declared but its value is never read.
src/pages/delivery/TransportTracking.tsx(10,3): error TS6133: 'ChevronRight' is declared but its value is never read.
src/pages/delivery/TransportTracking.tsx(12,3): error TS6133: 'Package' is declared but its value is never read.
src/pages/delivery/TransportTracking.tsx(18,3): error TS6133: 'Fuel' is declared but its value is never read.
src/pages/delivery/TransportTracking.tsx(224,37): error TS6133: 'idx' is declared but its value is never read.
